type octile
height 22
width 57
map
.........................................................
.......@@@@@@@@@@.@@@@@@@@@@.@@@@@@@@@@.@@@@@@@@@@.......
.......@@@@@@@@@@.@@@@@@@@@@.@@@@@@@@@@.@@@@@@@@@@.......
.........................................................
.......@@@@@@@@@@.@@@@@@@@@@.@@@@@@@@@@.@@@@@@@@@@.......
.......@@@@@@@@@@.@@@@@@@@@@.@@@@@@@@@@.@@@@@@@@@@.......
.........................................................
.......@@@@@@@@@@.@@@@@@@@@@.@@@@@@@@@@.@@@@@@@@@@.......
.......@@@@@@@@@@.@@@@@@@@@@.@@@@@@@@@@.@@@@@@@@@@.......
.........................................................
.......@@@@@@@@@@.@@@@@@@@@@.@@@@@@@@@@.@@@@@@@@@@.......
.......@@@@@@@@@@.@@@@@@@@@@.@@@@@@@@@@.@@@@@@@@@@.......
.........................................................
.......@@@@@@@@@@.@@@@@@@@@@.@@@@@@@@@@.@@@@@@@@@@.......
.......@@@@@@@@@@.@@@@@@@@@@.@@@@@@@@@@.@@@@@@@@@@.......
.........................................................
.......@@@@@@@@@@.@@@@@@@@@@.@@@@@@@@@@.@@@@@@@@@@.......
.......@@@@@@@@@@.@@@@@@@@@@.@@@@@@@@@@.@@@@@@@@@@.......
.........................................................
.......@@@@@@@@@@.@@@@@@@@@@.@@@@@@@@@@.@@@@@@@@@@.......
.......@@@@@@@@@@.@@@@@@@@@@.@@@@@@@@@@.@@@@@@@@@@.......
.........................................................
