type octile
height 40
width 57
map
@@@@@@@@@@@@@@@@@@@@@@@@@@@@@@@@@@@@@@@@@@@@@@@@...@@@@@@@
@@@@@@@@@@@@@@@@@@@@@@@@@@@@@@@@@@@@@@@@@@@@@......@@@@@@@
@@@@@@@@@@@@@@@@@@@@@@@@@@@@@@@@@@@@@@@@@..........@@@@@@@
@@@@@@@@@@@@@@@@@@@@@@@@@@@@@@@@@@@@@..............@@@@@@@
@@@@@@@@@@@@@@@@@@@@@@@@@@@@@@@@@...................@@@@@@
@@@@@@@@@@@@@@@@@@@@@@@@@@@@@.......................@@@@@@
@@@@@@@@@@@@@@@@@@@@@@@@@@..........................@@@@@@
@@@@@@@@@@@@@@@@@@@@@@@@@...........................@@@@@@
@@@@@@@@@@@@@@@@@@@@@@@@@............................@@@@@
@@@@@@@@@@@@@@@@@@@@@@@@@............................@@@@@
@@@@@@@@@@@@@@@@@@@@@@@@@............................@@@@@
@@@@@@@@@@@@@@.....@@@@@@............................@@@@@
@@@@@@@@@@@..@........@@@............................@@@@@
@@@@@@@@@....@.......@@.@@............................@@@@
@@@@@@@@@....@......@@...@............................@@@@
@@@@@@..@@...@.....@@....@.........................@@@@@@@
@@@@@....@..@@@@.@@@.....@.......................@@@..@@@@
@@@@@....@..@......@@@@.@@@.@@@@@.............@@@@....@@@@
@@@@@....@@...........@.@.@@@...@@........@@@@@........@@@
@@@@@@..................@...@....@.....@@@@...@.........@@
@@...@@@....................@....@.....@..@...@@........@@
@@.....@.................@@@@...@@.....@..@....@........@@
@@.....@......@@@@........@.....@......@@.@..@@@@.......@@
@@............@@@@........@@...@@@@.....@...@@..@@...@@@@@
@@@@@........@@@@@@........@@.@@.....@@.@..@@....@@..@...@
....@@@......@@@@@@...................@@@.........@......@
.............@@@@@@......................................@
.....@@......@@@@@@...............................@......@
@@@@@@.......@@@@@@......................@@@.....@@@...@@@
..............@@@@......................@@.@@...@@.@@@@@..
.....@@.......@@@@...................@@.....@@@@@.........
...@@@.................@@@@@@@@@..@@@@@................@@@
@@@@.................@@@.....@........@.........@@@@@@@@@@
@....@@@.............@.......@........@......@@@@@@@@@@@@@
@...@@.@.....................@........@..@@@@@@@@@@@@@@@@@
@.@@@..@.....................@@......@@@@@@@@@@@@@@@@@@@@@
@.@....@.............@........@....@@@@@@@@@@@@@@@@@@@@@@@
@.@....@.............@..@@@@@.@..@@@@@@@@@@@@@@@@@@@@@@@@@
@@@....@.............@@@@...@@@@@@@@@@@@@@@@@@@@@@@@@@@@@@
@@@.........................@@@@@@@@@@@@@@@@@@@@@@@@@@@@@@
